
> reis_new@4.4.0 test:run
> vitest run


 RUN  v3.2.4 /root/reis-dev/reis-extension

 ❯ src/api/documents.test.ts (4 tests | 1 failed) 63ms
   × parseServerFiles > should parse a standard document folder table correctly 46ms
     → expected [] to have a length of 1 but got +0
   ✓ parseServerFiles > should parse a document detail page correctly 10ms
   ✓ parseServerFiles > should handle pagination links 3ms
   ✓ parseServerFiles > should return empty lists for invalid HTML 2ms
 ❯ src/api/documents/parser.test.ts (3 tests | 2 failed) 64ms
   × parseServerFiles - Link Filtering > should ignore teacher profile and document info links, resolving only download links 46ms
     → expected [] to have a length of 1 but got +0
   × parseServerFiles - Link Filtering > should ignore Document Server system menu even if it has >= 5 cells 11ms
     → expected [] to have a length of 1 but got +0
   ✓ parseServerFiles - Link Filtering > should filter out localized system labels like "All my folders" 4ms
 ❯ src/components/NotificationFeed.test.tsx (3 tests | 1 failed) 272ms
   ✓ NotificationFeed > should track views when notification becomes visible 194ms
   ✓ NotificationFeed > should NOT track views again if notifications are locally marked as VIEWED (analytics) 35ms
   × NotificationFeed > should track click when a notification is clicked 39ms
     → expected "spy" to be called with arguments: [ '1' ][90m

Number of calls: [1m0[22m
[39m
 ❯ src/store/slices/__tests__/createFeedbackSlice.test.ts (8 tests | 1 failed) 47ms
   ✓ createFeedbackSlice > should initialize with default state 9ms
   ✓ createFeedbackSlice > should init sessionsUntilEligible on first load (no record) 7ms
   ✓ createFeedbackSlice > should decrement sessionsUntilEligible on subsequent loads 2ms
   ✓ createFeedbackSlice > should become eligible when sessionsUntilEligible reaches 0 1ms
   ✓ createFeedbackSlice > should stay dismissed if NPS already submitted this semester 1ms
   ✓ createFeedbackSlice > should stay dismissed if dismissed this semester 1ms
   × createFeedbackSlice > submitNps should call API and persist to IndexedDB 17ms
     → expected "spy" to be called with arguments: [ 'stu123', 'fac1', 4, 'nps', …(2) ][90m

Received: 

[1m  1st spy call:

[22m[2m  [[22m
[2m    "stu123",[22m
[32m-   "fac1",[90m
[32m-   4,[90m
[2m    "nps",[22m
[2m    "4",[22m
[2m    "2026S",[22m
[2m  ][22m
[39m[90m

Number of calls: [1m1[22m
[39m
   ✓ createFeedbackSlice > dismissFeedback should persist dismissedSemester 3ms
 ❯ src/services/spolky/spolkyService.test.ts (6 tests | 2 failed) 37ms
   ✓ spolkyService > trackNotificationsViewed > should call increment_notification_view RPC for each notification ID 9ms
   ✓ spolkyService > trackNotificationsViewed > should not call RPC if notificationIds is empty 1ms
   × spolkyService > trackNotificationsViewed > should handle RPC errors gracefully 11ms
     → expected "error" to be called at least once
   ✓ spolkyService > trackNotificationClick > should call increment_notification_click RPC for the notification ID 1ms
   ✓ spolkyService > trackNotificationClick > should not call RPC if notificationId is empty 1ms
   × spolkyService > trackNotificationClick > should handle RPC errors gracefully 2ms
     → expected "error" to be called at least once
 ❯ src/schemas/__tests__/syllabusSchema.test.ts (3 tests | 1 failed) 50ms
   × SyllabusSchema > validates the "Gold Standard" syllabus data 35ms
     → expected false to be true // Object.is equality
   ✓ SyllabusSchema > rejects data missing version 2ms
   ✓ SyllabusSchema > collects and normalizes teacher names 1ms
 ✓ src/components/atoms/Checkbox/Checkbox.test.tsx (10 tests) 129ms
 ✓ src/hooks/__tests__/useSpolkySettings.test.ts (13 tests) 796ms
 ✓ src/utils/parsers/__tests__/syllabusParser.test.ts (10 tests) 79ms
 ✓ src/components/ExamPanel/__tests__/useExamActions.test.ts (5 tests) 105ms
 ✓ src/components/WeeklyCalendar/__tests__/useCalendarData.test.ts (5 tests) 73ms
 ✓ src/hooks/data/__tests__/useSubjects.test.ts (4 tests) 51ms
 ✓ src/api/documents/service.test.ts (6 tests) 55ms
 ✓ src/utils/parsers/__tests__/assessmentParser.test.ts (3 tests) 46ms
 ✓ src/hooks/ui/useFileActions.test.ts (2 tests) 45ms
 ✓ src/utils/examParser.test.ts (3 tests) 51ms
 ✓ src/utils/pkce.test.ts (18 tests) 38ms
 ✓ src/schemas/__tests__/subjectSchema.test.ts (4 tests) 21ms
 ❯ src/hooks/data/__tests__/useSubjectNote.test.ts (10 tests | 3 failed) 15492ms
   ✓ useSubjectNote > initialization > should return empty string when no note exists 84ms
   ✓ useSubjectNote > initialization > should load existing note from storage 58ms
   ✓ useSubjectNote > initialization > should handle undefined subjectCode gracefully 16ms
   ✓ useSubjectNote > setNote > should update note in state immediately 61ms
   ✓ useSubjectNote > setNote > should enforce 500 character limit 63ms
   × useSubjectNote > debounced save > should not save immediately 5017ms
     → Test timed out in 5000ms.
If this is a long-running test, pass a timeout value as the last argument or configure it globally with "testTimeout".
   × useSubjectNote > debounced save > should save after 800ms debounce 5004ms
     → Test timed out in 5000ms.
If this is a long-running test, pass a timeout value as the last argument or configure it globally with "testTimeout".
   × useSubjectNote > debounced save > should flush pending save on unmount 5005ms
     → Test timed out in 5000ms.
If this is a long-running test, pass a timeout value as the last argument or configure it globally with "testTimeout".
   ✓ useSubjectNote > subject switching > should reload note when subjectCode changes 112ms
   ✓ useSubjectNote > error handling > should handle storage read errors gracefully 65ms
 ✓ src/store/slices/__tests__/syllabusSlice.test.ts (4 tests) 15ms
 ✓ src/store/slices/__tests__/createFilesSlice.test.ts (5 tests) 17ms
 ✓ src/schemas/__tests__/examSchema.test.ts (4 tests) 34ms
 ✓ src/services/storage/StorageService.test.ts (7 tests) 26ms
 ✓ src/api/successRate.test.ts (15 tests | 3 skipped) 29ms
 ✓ src/schemas/__tests__/assessmentSchema.test.ts (3 tests) 16ms
 ✓ src/store/slices/__tests__/createAssessmentsSlice.test.ts (3 tests) 12ms
 ✓ src/components/WeeklyCalendar/__tests__/utils.test.ts (5 tests) 23ms
 ✓ src/services/sync/SyncService.test.ts (3 tests) 14ms
 ✓ src/utils/semesterSort.test.ts (11 tests) 12ms
 ✓ src/store/slices/__tests__/createSubjectsSlice.test.ts (3 tests) 13ms
 ✓ src/utils/__tests__/noHardcodedIds.test.ts (4 tests) 10ms
 ✓ src/store/useAppStore.test.ts (3 tests) 11ms

 Test Files  8 failed | 25 passed (33)
      Tests  11 failed | 176 passed | 3 skipped (190)
   Start at  18:04:37
   Duration  24.19s (transform 2.33s, setup 5.85s, collect 6.85s, tests 17.75s, environment 21.25s, prepare 5.94s)

